// Jest Snapshot v1, https://goo.gl/fbAQLP

exports[`while card test running in a browser environment should render correctly 1`] = `
<div>
  <div
    className="card "
  >
    <div
      className="card-body"
    >
       This is a Card View 
    </div>
  </div>
  <div
    className="card card-test"
  >
    <div
      className="card-body"
    >
       This is a Card View 
    </div>
  </div>
  <div
    className="card card-test"
  >
    <div
      className="card-body"
    >
      <div>
        This is a Cord View with Card body
      </div>
    </div>
  </div>
  <div
    className="card card-test"
  >
    <div
      className="card-header"
    >
      <span>
        Header
      </span>
    </div>
    <div
      className="card-body"
    >
      <div>
        This is a Cord View with Card body
      </div>
    </div>
  </div>
</div>
`;
