// Jest Snapshot v1, https://goo.gl/fbAQLP

exports[`while images loaded test running in a browser environment should render correctly 1`] = `
<div>
  <div>
    <img
      src="https://www.getqardio.com/wp-content/uploads/2019/05/19_14_General_Summer_WD_HP_EN.jpg"
    />
    <img
      src="https://www.getqardio.com/wp-content/uploads/2019/05/19_14_General_Summer_WD_HP_EN.jpg"
    />
    <img
      src="https://www.getqardio.com/wp-content/uploads/2019/05/19_14_General_Summer_WD_HP_EN.jpg"
    />
    <img
      src="https://www.getqardio.com/wp-content/uploads/2019/05/19_14_General_Summer_WD_HP_EN.jpg"
    />
    <img
      src="https://www.getqardio.com/wp-content/uploads/2019/05/19_14_General_Summer_WD_HP_EN.jpg"
    />
  </div>
</div>
`;
