// Jest Snapshot v1, https://goo.gl/fbAQLP

exports[`while slide show test running in a browser environment should render correctly 1`] = `
<div>
  <div
    className="slide-show "
  >
    <div
      className="action"
    >
      <div
        className="content"
      >
        <div
          className="home-holder"
        />
      </div>
    </div>
  </div>
</div>
`;
